[2026-03-02 14:32:40] local.ERROR: Unable to create PsySH runtime directory. Make sure PHP is able to write to /run/user/907354579 in order to continue. {"exception":"[object] (Psy\\Exception\\RuntimeException(code: 0): Unable to create PsySH runtime directory. Make sure PHP is able to write to /run/user/907354579 in order to continue. at /home/u907354579/domains/samarawickrama.lbmspark.com/public_html/vendor/psy/psysh/src/Configuration.php:632)
[stacktrace]
#0 /home/u907354579/domains/samarawickrama.lbmspark.com/public_html/vendor/psy/psysh/src/Shell.php(217): Psy\\Configuration->getRuntimeDir()
#1 /home/u907354579/domains/samarawickrama.lbmspark.com/public_html/vendor/symfony/console/Application.php(1327): Psy\\Shell->getDefaultCommands()
#2 /home/u907354579/domains/samarawickrama.lbmspark.com/public_html/vendor/symfony/console/Application.php(548): Symfony\\Component\\Console\\Application->init()
#3 /home/u907354579/domains/samarawickrama.lbmspark.com/public_html/vendor/psy/psysh/src/Shell.php(161): Symfony\\Component\\Console\\Application->add()
#4 /home/u907354579/domains/samarawickrama.lbmspark.com/public_html/vendor/symfony/console/Application.php(534): Psy\\Shell->add()
#5 /home/u907354579/domains/samarawickrama.lbmspark.com/public_html/vendor/laravel/tinker/src/Console/TinkerCommand.php(60): Symfony\\Component\\Console\\Application->addCommands()
#6 /home/u907354579/domains/samarawickrama.lbmspark.com/public_html/vendor/laravel/framework/src/Illuminate/Container/BoundMethod.php(36): Laravel\\Tinker\\Console\\TinkerCommand->handle()
#7 /home/u907354579/domains/samarawickrama.lbmspark.com/public_html/vendor/laravel/framework/src/Illuminate/Container/Util.php(41): Illuminate\\Container\\BoundMethod::Illuminate\\Container\\{closure}()
#8 /home/u907354579/domains/samarawickrama.lbmspark.com/public_html/vendor/laravel/framework/src/Illuminate/Container/BoundMethod.php(93): Illuminate\\Container\\Util::unwrapIfClosure()
#9 /home/u907354579/domains/samarawickrama.lbmspark.com/public_html/vendor/laravel/framework/src/Illuminate/Container/BoundMethod.php(35): Illuminate\\Container\\BoundMethod::callBoundMethod()
#10 /home/u907354579/domains/samarawickrama.lbmspark.com/public_html/vendor/laravel/framework/src/Illuminate/Container/Container.php(661): Illuminate\\Container\\BoundMethod::call()
#11 /home/u907354579/domains/samarawickrama.lbmspark.com/public_html/vendor/laravel/framework/src/Illuminate/Console/Command.php(183): Illuminate\\Container\\Container->call()
#12 /home/u907354579/domains/samarawickrama.lbmspark.com/public_html/vendor/symfony/console/Command/Command.php(326): Illuminate\\Console\\Command->execute()
#13 /home/u907354579/domains/samarawickrama.lbmspark.com/public_html/vendor/laravel/framework/src/Illuminate/Console/Command.php(152): Symfony\\Component\\Console\\Command\\Command->run()
#14 /home/u907354579/domains/samarawickrama.lbmspark.com/public_html/vendor/symfony/console/Application.php(1078): Illuminate\\Console\\Command->run()
#15 /home/u907354579/domains/samarawickrama.lbmspark.com/public_html/vendor/symfony/console/Application.php(324): Symfony\\Component\\Console\\Application->doRunCommand()
#16 /home/u907354579/domains/samarawickrama.lbmspark.com/public_html/vendor/symfony/console/Application.php(175): Symfony\\Component\\Console\\Application->doRun()
#17 /home/u907354579/domains/samarawickrama.lbmspark.com/public_html/vendor/laravel/framework/src/Illuminate/Console/Application.php(102): Symfony\\Component\\Console\\Application->run()
#18 /home/u907354579/domains/samarawickrama.lbmspark.com/public_html/vendor/laravel/framework/src/Illuminate/Foundation/Console/Kernel.php(155): Illuminate\\Console\\Application->run()
#19 /home/u907354579/domains/samarawickrama.lbmspark.com/public_html/artisan(35): Illuminate\\Foundation\\Console\\Kernel->handle()
#20 {main}
"} 
[2026-03-02 19:59:23] local.EMERGENCY: File:/home/u907354579/domains/samarawickrama.lbmspark.com/public_html/storage/framework/views/0e25917e4daa4d29c255202c4a74f12cc4107249.phpLine:78Message:Unsupported operand types: string + int (View: /home/u907354579/domains/samarawickrama.lbmspark.com/public_html/resources/views/labels/partials/preview_qz.blade.php)  
[2026-03-02 19:59:29] local.EMERGENCY: File:/home/u907354579/domains/samarawickrama.lbmspark.com/public_html/storage/framework/views/0e25917e4daa4d29c255202c4a74f12cc4107249.phpLine:78Message:Unsupported operand types: string + int (View: /home/u907354579/domains/samarawickrama.lbmspark.com/public_html/resources/views/labels/partials/preview_qz.blade.php)  
[2026-03-02 19:59:31] local.EMERGENCY: File:/home/u907354579/domains/samarawickrama.lbmspark.com/public_html/storage/framework/views/0e25917e4daa4d29c255202c4a74f12cc4107249.phpLine:78Message:Unsupported operand types: string + int (View: /home/u907354579/domains/samarawickrama.lbmspark.com/public_html/resources/views/labels/partials/preview_qz.blade.php)  
[2026-03-02 19:59:32] local.EMERGENCY: File:/home/u907354579/domains/samarawickrama.lbmspark.com/public_html/storage/framework/views/0e25917e4daa4d29c255202c4a74f12cc4107249.phpLine:78Message:Unsupported operand types: string + int (View: /home/u907354579/domains/samarawickrama.lbmspark.com/public_html/resources/views/labels/partials/preview_qz.blade.php)  
[2026-03-02 19:59:33] local.EMERGENCY: File:/home/u907354579/domains/samarawickrama.lbmspark.com/public_html/storage/framework/views/0e25917e4daa4d29c255202c4a74f12cc4107249.phpLine:78Message:Unsupported operand types: string + int (View: /home/u907354579/domains/samarawickrama.lbmspark.com/public_html/resources/views/labels/partials/preview_qz.blade.php)  
[2026-03-02 20:00:05] local.EMERGENCY: File:/home/u907354579/domains/samarawickrama.lbmspark.com/public_html/storage/framework/views/0e25917e4daa4d29c255202c4a74f12cc4107249.phpLine:78Message:Unsupported operand types: string + int (View: /home/u907354579/domains/samarawickrama.lbmspark.com/public_html/resources/views/labels/partials/preview_qz.blade.php)  
[2026-03-02 20:00:08] local.EMERGENCY: File:/home/u907354579/domains/samarawickrama.lbmspark.com/public_html/storage/framework/views/0e25917e4daa4d29c255202c4a74f12cc4107249.phpLine:78Message:Unsupported operand types: string + int (View: /home/u907354579/domains/samarawickrama.lbmspark.com/public_html/resources/views/labels/partials/preview_qz.blade.php)  
[2026-03-02 20:00:09] local.EMERGENCY: File:/home/u907354579/domains/samarawickrama.lbmspark.com/public_html/storage/framework/views/0e25917e4daa4d29c255202c4a74f12cc4107249.phpLine:78Message:Unsupported operand types: string + int (View: /home/u907354579/domains/samarawickrama.lbmspark.com/public_html/resources/views/labels/partials/preview_qz.blade.php)  
[2026-03-02 20:00:11] local.EMERGENCY: File:/home/u907354579/domains/samarawickrama.lbmspark.com/public_html/storage/framework/views/0e25917e4daa4d29c255202c4a74f12cc4107249.phpLine:78Message:Unsupported operand types: string + int (View: /home/u907354579/domains/samarawickrama.lbmspark.com/public_html/resources/views/labels/partials/preview_qz.blade.php)  
[2026-03-02 20:00:12] local.EMERGENCY: File:/home/u907354579/domains/samarawickrama.lbmspark.com/public_html/storage/framework/views/0e25917e4daa4d29c255202c4a74f12cc4107249.phpLine:78Message:Unsupported operand types: string + int (View: /home/u907354579/domains/samarawickrama.lbmspark.com/public_html/resources/views/labels/partials/preview_qz.blade.php)  
[2026-03-02 20:00:12] local.EMERGENCY: File:/home/u907354579/domains/samarawickrama.lbmspark.com/public_html/storage/framework/views/0e25917e4daa4d29c255202c4a74f12cc4107249.phpLine:78Message:Unsupported operand types: string + int (View: /home/u907354579/domains/samarawickrama.lbmspark.com/public_html/resources/views/labels/partials/preview_qz.blade.php)  
[2026-03-02 20:00:12] local.EMERGENCY: File:/home/u907354579/domains/samarawickrama.lbmspark.com/public_html/storage/framework/views/0e25917e4daa4d29c255202c4a74f12cc4107249.phpLine:78Message:Unsupported operand types: string + int (View: /home/u907354579/domains/samarawickrama.lbmspark.com/public_html/resources/views/labels/partials/preview_qz.blade.php)  
[2026-03-02 20:00:27] local.EMERGENCY: File:/home/u907354579/domains/samarawickrama.lbmspark.com/public_html/storage/framework/views/0e25917e4daa4d29c255202c4a74f12cc4107249.phpLine:78Message:Unsupported operand types: string + int (View: /home/u907354579/domains/samarawickrama.lbmspark.com/public_html/resources/views/labels/partials/preview_qz.blade.php)  
[2026-03-02 20:12:50] local.EMERGENCY: File:/home/u907354579/domains/samarawickrama.lbmspark.com/public_html/storage/framework/views/0e25917e4daa4d29c255202c4a74f12cc4107249.phpLine:78Message:Unsupported operand types: string + int (View: /home/u907354579/domains/samarawickrama.lbmspark.com/public_html/resources/views/labels/partials/preview_qz.blade.php)  
[2026-03-02 20:12:51] local.EMERGENCY: File:/home/u907354579/domains/samarawickrama.lbmspark.com/public_html/storage/framework/views/0e25917e4daa4d29c255202c4a74f12cc4107249.phpLine:78Message:Unsupported operand types: string + int (View: /home/u907354579/domains/samarawickrama.lbmspark.com/public_html/resources/views/labels/partials/preview_qz.blade.php)  
[2026-03-02 20:12:55] local.EMERGENCY: File:/home/u907354579/domains/samarawickrama.lbmspark.com/public_html/storage/framework/views/0e25917e4daa4d29c255202c4a74f12cc4107249.phpLine:78Message:Unsupported operand types: string + int (View: /home/u907354579/domains/samarawickrama.lbmspark.com/public_html/resources/views/labels/partials/preview_qz.blade.php)  
[2026-03-02 20:13:44] local.EMERGENCY: File:/home/u907354579/domains/samarawickrama.lbmspark.com/public_html/storage/framework/views/0e25917e4daa4d29c255202c4a74f12cc4107249.phpLine:78Message:Unsupported operand types: string + int (View: /home/u907354579/domains/samarawickrama.lbmspark.com/public_html/resources/views/labels/partials/preview_qz.blade.php)  
[2026-03-02 20:13:45] local.EMERGENCY: File:/home/u907354579/domains/samarawickrama.lbmspark.com/public_html/storage/framework/views/0e25917e4daa4d29c255202c4a74f12cc4107249.phpLine:78Message:Unsupported operand types: string + int (View: /home/u907354579/domains/samarawickrama.lbmspark.com/public_html/resources/views/labels/partials/preview_qz.blade.php)  
[2026-03-02 20:13:57] local.EMERGENCY: File:/home/u907354579/domains/samarawickrama.lbmspark.com/public_html/storage/framework/views/0e25917e4daa4d29c255202c4a74f12cc4107249.phpLine:78Message:Unsupported operand types: string + int (View: /home/u907354579/domains/samarawickrama.lbmspark.com/public_html/resources/views/labels/partials/preview_qz.blade.php)  
[2026-03-02 20:16:52] local.EMERGENCY: File:/home/u907354579/domains/samarawickrama.lbmspark.com/public_html/storage/framework/views/0e25917e4daa4d29c255202c4a74f12cc4107249.phpLine:78Message:Unsupported operand types: string + int (View: /home/u907354579/domains/samarawickrama.lbmspark.com/public_html/resources/views/labels/partials/preview_qz.blade.php)  
[2026-03-02 20:16:55] local.EMERGENCY: File:/home/u907354579/domains/samarawickrama.lbmspark.com/public_html/storage/framework/views/0e25917e4daa4d29c255202c4a74f12cc4107249.phpLine:78Message:Unsupported operand types: string + int (View: /home/u907354579/domains/samarawickrama.lbmspark.com/public_html/resources/views/labels/partials/preview_qz.blade.php)  
[2026-03-02 20:16:58] local.EMERGENCY: File:/home/u907354579/domains/samarawickrama.lbmspark.com/public_html/storage/framework/views/0e25917e4daa4d29c255202c4a74f12cc4107249.phpLine:78Message:Unsupported operand types: string + int (View: /home/u907354579/domains/samarawickrama.lbmspark.com/public_html/resources/views/labels/partials/preview_qz.blade.php)  
[2026-03-02 20:20:23] local.EMERGENCY: File:/home/u907354579/domains/samarawickrama.lbmspark.com/public_html/storage/framework/views/0e25917e4daa4d29c255202c4a74f12cc4107249.phpLine:78Message:Unsupported operand types: string + int (View: /home/u907354579/domains/samarawickrama.lbmspark.com/public_html/resources/views/labels/partials/preview_qz.blade.php)  
[2026-03-02 20:20:25] local.EMERGENCY: File:/home/u907354579/domains/samarawickrama.lbmspark.com/public_html/storage/framework/views/0e25917e4daa4d29c255202c4a74f12cc4107249.phpLine:78Message:Unsupported operand types: string + int (View: /home/u907354579/domains/samarawickrama.lbmspark.com/public_html/resources/views/labels/partials/preview_qz.blade.php)  
[2026-03-02 20:21:11] local.EMERGENCY: File:/home/u907354579/domains/samarawickrama.lbmspark.com/public_html/storage/framework/views/0e25917e4daa4d29c255202c4a74f12cc4107249.phpLine:78Message:Unsupported operand types: string + int (View: /home/u907354579/domains/samarawickrama.lbmspark.com/public_html/resources/views/labels/partials/preview_qz.blade.php)  
[2026-03-02 20:21:27] local.EMERGENCY: File:/home/u907354579/domains/samarawickrama.lbmspark.com/public_html/storage/framework/views/0e25917e4daa4d29c255202c4a74f12cc4107249.phpLine:78Message:Unsupported operand types: string + int (View: /home/u907354579/domains/samarawickrama.lbmspark.com/public_html/resources/views/labels/partials/preview_qz.blade.php)  
[2026-03-02 20:21:29] local.EMERGENCY: File:/home/u907354579/domains/samarawickrama.lbmspark.com/public_html/storage/framework/views/0e25917e4daa4d29c255202c4a74f12cc4107249.phpLine:78Message:Unsupported operand types: string + int (View: /home/u907354579/domains/samarawickrama.lbmspark.com/public_html/resources/views/labels/partials/preview_qz.blade.php)  
[2026-03-02 20:21:54] local.EMERGENCY: File:/home/u907354579/domains/samarawickrama.lbmspark.com/public_html/storage/framework/views/0e25917e4daa4d29c255202c4a74f12cc4107249.phpLine:78Message:Unsupported operand types: string + int (View: /home/u907354579/domains/samarawickrama.lbmspark.com/public_html/resources/views/labels/partials/preview_qz.blade.php)  
[2026-03-02 20:21:54] local.EMERGENCY: File:/home/u907354579/domains/samarawickrama.lbmspark.com/public_html/storage/framework/views/0e25917e4daa4d29c255202c4a74f12cc4107249.phpLine:78Message:Unsupported operand types: string + int (View: /home/u907354579/domains/samarawickrama.lbmspark.com/public_html/resources/views/labels/partials/preview_qz.blade.php)  
[2026-03-02 20:22:12] local.EMERGENCY: File:/home/u907354579/domains/samarawickrama.lbmspark.com/public_html/storage/framework/views/0e25917e4daa4d29c255202c4a74f12cc4107249.phpLine:78Message:Unsupported operand types: string + int (View: /home/u907354579/domains/samarawickrama.lbmspark.com/public_html/resources/views/labels/partials/preview_qz.blade.php)  
[2026-03-02 20:25:20] local.EMERGENCY: File:/home/u907354579/domains/samarawickrama.lbmspark.com/public_html/storage/framework/views/0e25917e4daa4d29c255202c4a74f12cc4107249.phpLine:78Message:Unsupported operand types: string + int (View: /home/u907354579/domains/samarawickrama.lbmspark.com/public_html/resources/views/labels/partials/preview_qz.blade.php)  
[2026-03-02 20:26:00] local.EMERGENCY: File:/home/u907354579/domains/samarawickrama.lbmspark.com/public_html/storage/framework/views/0e25917e4daa4d29c255202c4a74f12cc4107249.phpLine:78Message:Unsupported operand types: string + int (View: /home/u907354579/domains/samarawickrama.lbmspark.com/public_html/resources/views/labels/partials/preview_qz.blade.php)  
[2026-03-02 20:26:00] local.EMERGENCY: File:/home/u907354579/domains/samarawickrama.lbmspark.com/public_html/storage/framework/views/0e25917e4daa4d29c255202c4a74f12cc4107249.phpLine:78Message:Unsupported operand types: string + int (View: /home/u907354579/domains/samarawickrama.lbmspark.com/public_html/resources/views/labels/partials/preview_qz.blade.php)  
[2026-03-02 20:26:01] local.EMERGENCY: File:/home/u907354579/domains/samarawickrama.lbmspark.com/public_html/storage/framework/views/0e25917e4daa4d29c255202c4a74f12cc4107249.phpLine:78Message:Unsupported operand types: string + int (View: /home/u907354579/domains/samarawickrama.lbmspark.com/public_html/resources/views/labels/partials/preview_qz.blade.php)  
[2026-03-02 20:26:01] local.EMERGENCY: File:/home/u907354579/domains/samarawickrama.lbmspark.com/public_html/storage/framework/views/0e25917e4daa4d29c255202c4a74f12cc4107249.phpLine:78Message:Unsupported operand types: string + int (View: /home/u907354579/domains/samarawickrama.lbmspark.com/public_html/resources/views/labels/partials/preview_qz.blade.php)  
[2026-03-02 20:26:03] local.EMERGENCY: File:/home/u907354579/domains/samarawickrama.lbmspark.com/public_html/storage/framework/views/0e25917e4daa4d29c255202c4a74f12cc4107249.phpLine:78Message:Unsupported operand types: string + int (View: /home/u907354579/domains/samarawickrama.lbmspark.com/public_html/resources/views/labels/partials/preview_qz.blade.php)  
[2026-03-02 20:26:03] local.EMERGENCY: File:/home/u907354579/domains/samarawickrama.lbmspark.com/public_html/storage/framework/views/0e25917e4daa4d29c255202c4a74f12cc4107249.phpLine:78Message:Unsupported operand types: string + int (View: /home/u907354579/domains/samarawickrama.lbmspark.com/public_html/resources/views/labels/partials/preview_qz.blade.php)  
[2026-03-02 20:51:37] local.EMERGENCY: File:/home/u907354579/domains/samarawickrama.lbmspark.com/public_html/storage/framework/views/0e25917e4daa4d29c255202c4a74f12cc4107249.phpLine:78Message:Unsupported operand types: string + int (View: /home/u907354579/domains/samarawickrama.lbmspark.com/public_html/resources/views/labels/partials/preview_qz.blade.php)  
[2026-03-02 21:30:59] local.EMERGENCY: File:/home/u907354579/domains/samarawickrama.lbmspark.com/public_html/storage/framework/views/0e25917e4daa4d29c255202c4a74f12cc4107249.phpLine:78Message:Unsupported operand types: string + int (View: /home/u907354579/domains/samarawickrama.lbmspark.com/public_html/resources/views/labels/partials/preview_qz.blade.php)  
[2026-03-02 21:32:00] local.EMERGENCY: File:/home/u907354579/domains/samarawickrama.lbmspark.com/public_html/storage/framework/views/0e25917e4daa4d29c255202c4a74f12cc4107249.phpLine:78Message:Unsupported operand types: string + int (View: /home/u907354579/domains/samarawickrama.lbmspark.com/public_html/resources/views/labels/partials/preview_qz.blade.php)  
